[0m18:00:39.070101 [debug] [MainThread]: Sending event: {'category': 'dbt', 'action': 'invocation', 'label': 'start', 'context': [<snowplow_tracker.self_describing_json.SelfDescribingJson object at 0x00000176B92306E0>, <snowplow_tracker.self_describing_json.SelfDescribingJson object at 0x00000176B67ACB90>, <snowplow_tracker.self_describing_json.SelfDescribingJson object at 0x00000176BB763B10>]}


============================== 18:00:39.074238 | 8a548bbe-bbe8-489f-850b-f80f41ac3fe8 ==============================
[0m18:00:39.074238 [info ] [MainThread]: Running with dbt=1.12.0
[0m18:00:39.074887 [debug] [MainThread]: running dbt with arguments {'static_parser': 'True', 'no_print': 'None', 'maximum_seed_size_mib': '1', 'warn_error_options': 'WarnErrorOptionsV2(error=[], warn=[], silence=[])', 'target_path': 'None', 'version_check': 'True', 'printer_width': '80', 'write_json': 'True', 'introspect': 'True', 'log_cache_events': 'False', 'empty': 'None', 'cache_selected_only': 'False', 'fail_fast': 'False', 'debug': 'False', 'log_format': 'default', 'partial_parse': 'True', 'send_anonymous_usage_stats': 'True', 'quiet': 'False', 'warn_error': 'None', 'profiles_dir': 'C:\\Users\\anshu\\.dbt', 'use_colors': 'True', 'hints_enabled': 'True', 'indirect_selection': 'eager', 'use_experimental_parser': 'False', 'invocation_command': 'dbt init zomato', 'log_path': 'logs'}
[0m18:00:39.092015 [debug] [MainThread]: Starter project path: C:\Users\anshu\AppData\Local\Programs\Python\Python314\Lib\site-packages\dbt\include\starter_project
[0m18:00:39.104830 [info ] [MainThread]: Setting up your profile.
[0m18:00:41.284827 [debug] [MainThread]: Snowflake adapter: Setting snowflake.connector to ERROR (file logging only)
[0m18:00:41.285263 [debug] [MainThread]: Snowflake adapter: Setting botocore to ERROR (file logging only)
[0m18:00:41.285546 [debug] [MainThread]: Snowflake adapter: Setting boto3 to ERROR (file logging only)
[0m18:04:38.758610 [info ] [MainThread]: Profile zomato written to C:\Users\anshu\.dbt\profiles.yml using target's profile_template.yml and your supplied values.
[0m18:04:38.760720 [info ] [MainThread]: Running dbt debug to validate the project...
[0m18:04:38.761314 [info ] [MainThread]: dbt version: 1.12.0
[0m18:04:38.761700 [info ] [MainThread]: python version: 3.14.5
[0m18:04:38.762114 [info ] [MainThread]: python path: C:\Users\anshu\AppData\Local\Programs\Python\Python314\python.exe
[0m18:04:38.762500 [info ] [MainThread]: os info: Windows-11-10.0.26200-SP0
[0m18:04:38.818468 [info ] [MainThread]: Using profiles dir at C:\Users\anshu\.dbt
[0m18:04:38.819006 [info ] [MainThread]: Using profiles.yml file at C:\Users\anshu\.dbt\profiles.yml
[0m18:04:38.819438 [info ] [MainThread]: Using dbt_project.yml file at D:\zomato pipeline\Zomato-Pipeline\zomato\dbt_project.yml
[0m18:04:38.820569 [info ] [MainThread]: adapter type: snowflake
[0m18:04:38.820887 [info ] [MainThread]: adapter version: 1.12.0
[0m18:04:38.919217 [info ] [MainThread]: Configuration:
[0m18:04:38.919751 [info ] [MainThread]:   profiles.yml file [[32mOK found and valid[0m]
[0m18:04:38.920186 [info ] [MainThread]:   dbt_project.yml file [[32mOK found and valid[0m]
[0m18:04:38.920589 [info ] [MainThread]: Required dependencies:
[0m18:04:38.921007 [debug] [MainThread]: Executing "git --help"
[0m18:04:38.955091 [debug] [MainThread]: STDOUT: "b"usage: git [-v | --version] [-h | --help] [-C <path>] [-c <name>=<value>]\n           [--exec-path[=<path>]] [--html-path] [--man-path] [--info-path]\n           [-p | --paginate | -P | --no-pager] [--no-replace-objects] [--no-lazy-fetch]\n           [--no-optional-locks] [--no-advice] [--bare] [--git-dir=<path>]\n           [--work-tree=<path>] [--namespace=<name>] [--config-env=<name>=<envvar>]\n           <command> [<args>]\n\nThese are common Git commands used in various situations:\n\nstart a working area (see also: git help tutorial)\n   clone     Clone a repository into a new directory\n   init      Create an empty Git repository or reinitialize an existing one\n\nwork on the current change (see also: git help everyday)\n   add       Add file contents to the index\n   mv        Move or rename a file, a directory, or a symlink\n   restore   Restore working tree files\n   rm        Remove files from the working tree and from the index\n\nexamine the history and state (see also: git help revisions)\n   bisect    Use binary search to find the commit that introduced a bug\n   diff      Show changes between commits, commit and working tree, etc\n   grep      Print lines matching a pattern\n   log       Show commit logs\n   show      Show various types of objects\n   status    Show the working tree status\n\ngrow, mark and tweak your common history\n   branch    List, create, or delete branches\n   commit    Record changes to the repository\n   merge     Join two or more development histories together\n   rebase    Reapply commits on top of another base tip\n   reset     Reset current HEAD to the specified state\n   switch    Switch branches\n   tag       Create, list, delete or verify a tag object signed with GPG\n\ncollaborate (see also: git help workflows)\n   fetch     Download objects and refs from another repository\n   pull      Fetch from and integrate with another repository or a local branch\n   push      Update remote refs along with associated objects\n\n'git help -a' and 'git help -g' list available subcommands and some\nconcept guides. See 'git help <command>' or 'git help <concept>'\nto read about a specific subcommand or concept.\nSee 'git help git' for an overview of the system.\n""
[0m18:04:38.955603 [debug] [MainThread]: STDERR: "b''"
[0m18:04:38.955988 [info ] [MainThread]:  - git [[32mOK found[0m]

[0m18:04:38.956396 [info ] [MainThread]: Connection:
[0m18:04:38.956747 [info ] [MainThread]:   account: FGMXERZ-QW25752
[0m18:04:38.957083 [info ] [MainThread]:   user: ANSHXPRESS
[0m18:04:38.957427 [info ] [MainThread]:   database: ZOMATO_WH
[0m18:04:38.957759 [info ] [MainThread]:   warehouse: ZOMATO_WH
[0m18:04:38.958082 [info ] [MainThread]:   role: DBT_ROLE
[0m18:04:38.958389 [info ] [MainThread]:   schema: STAGING
[0m18:04:38.958695 [info ] [MainThread]:   authenticator: None
[0m18:04:38.959002 [info ] [MainThread]:   oauth_client_id: None
[0m18:04:38.959325 [info ] [MainThread]:   query_tag: None
[0m18:04:38.959625 [info ] [MainThread]:   client_session_keep_alive: False
[0m18:04:38.959927 [info ] [MainThread]:   host: None
[0m18:04:38.960222 [info ] [MainThread]:   port: None
[0m18:04:38.960516 [info ] [MainThread]:   proxy_host: None
[0m18:04:38.960808 [info ] [MainThread]:   proxy_port: None
[0m18:04:38.961098 [info ] [MainThread]:   protocol: None
[0m18:04:38.961388 [info ] [MainThread]:   connect_retries: 1
[0m18:04:38.961739 [info ] [MainThread]:   connect_timeout: None
[0m18:04:38.962110 [info ] [MainThread]:   retry_on_database_errors: False
[0m18:04:38.962428 [info ] [MainThread]:   retry_all: False
[0m18:04:38.962744 [info ] [MainThread]:   insecure_mode: False
[0m18:04:38.963059 [info ] [MainThread]:   reuse_connections: True
[0m18:04:38.963365 [info ] [MainThread]:   s3_stage_vpce_dns_name: None
[0m18:04:38.963675 [info ] [MainThread]:   workload_identity_provider: None
[0m18:04:38.963977 [info ] [MainThread]:   workload_identity_entra_resource: None
[0m18:04:38.964275 [info ] [MainThread]:   platform_detection_timeout_seconds: 0.0
[0m18:04:38.964774 [info ] [MainThread]: Registered adapter: snowflake=1.12.0
[0m18:04:39.417865 [debug] [MainThread]: Acquiring new snowflake connection 'debug'
[0m18:04:39.420064 [debug] [MainThread]: Using snowflake connection "debug"
[0m18:04:39.420347 [debug] [MainThread]: On debug: select 1 as id
[0m18:04:39.420591 [debug] [MainThread]: Opening a new connection, currently in state init
[0m18:04:40.825549 [debug] [MainThread]: SQL status: SUCCESS 1 in 1.405 seconds
[0m18:04:40.826456 [info ] [MainThread]:   Connection test: [[32mOK connection ok[0m]

[0m18:04:40.826969 [info ] [MainThread]: [32mAll checks passed![0m
[0m18:04:40.827532 [info ] [MainThread]: Your new dbt project "zomato" was created!
Initialized new project in D:\zomato pipeline\Zomato-Pipeline\zomato\zomato

For more information on how to configure the profiles.yml file,
please consult the dbt documentation here:

  https://docs.getdbt.com/docs/configure-your-profile

One more thing:

Need help? Don't hesitate to reach out to us via GitHub issues or on Slack:

  https://community.getdbt.com/

Happy modeling!

[0m18:04:40.828450 [debug] [MainThread]: Command `dbt init` succeeded at 18:04:40.828346 after 241.94 seconds
[0m18:04:40.828736 [debug] [MainThread]: Connection 'debug' was left open.
[0m18:04:40.828991 [debug] [MainThread]: On debug: Close
[0m18:04:41.011570 [debug] [MainThread]: Sending event: {'category': 'dbt', 'action': 'invocation', 'label': 'end', 'context': [<snowplow_tracker.self_describing_json.SelfDescribingJson object at 0x00000176BB5AF230>, <snowplow_tracker.self_describing_json.SelfDescribingJson object at 0x00000176D58D7BF0>, <snowplow_tracker.self_describing_json.SelfDescribingJson object at 0x00000176D58B7460>]}
[0m18:04:41.012350 [debug] [MainThread]: Flushing usage events
[0m18:04:42.278308 [debug] [MainThread]: An error was encountered while trying to flush usage events
[0m20:54:05.670410 [debug] [MainThread]: Sending event: {'category': 'dbt', 'action': 'invocation', 'label': 'start', 'context': [<snowplow_tracker.self_describing_json.SelfDescribingJson object at 0x00000207102306E0>, <snowplow_tracker.self_describing_json.SelfDescribingJson object at 0x000002070D79CB90>, <snowplow_tracker.self_describing_json.SelfDescribingJson object at 0x00000207127E3890>]}


============================== 20:54:05.674187 | 67142fc1-9f08-4117-acfd-ad1abf165f6f ==============================
[0m20:54:05.674187 [info ] [MainThread]: Running with dbt=1.12.0
[0m20:54:05.674782 [debug] [MainThread]: running dbt with arguments {'maximum_seed_size_mib': '1', 'no_print': 'None', 'version_check': 'True', 'target_path': 'None', 'static_parser': 'True', 'warn_error_options': 'WarnErrorOptionsV2(error=[], warn=[], silence=[])', 'printer_width': '80', 'write_json': 'True', 'empty': 'False', 'log_cache_events': 'False', 'introspect': 'True', 'cache_selected_only': 'False', 'log_format': 'default', 'debug': 'False', 'fail_fast': 'False', 'partial_parse': 'True', 'send_anonymous_usage_stats': 'True', 'quiet': 'False', 'warn_error': 'None', 'profiles_dir': 'C:\\Users\\anshu\\.dbt', 'use_colors': 'True', 'hints_enabled': 'True', 'invocation_command': 'dbt run --select staging', 'use_experimental_parser': 'False', 'indirect_selection': 'eager', 'log_path': 'logs'}
[0m20:54:05.675262 [error] [MainThread]: [[31mERROR[0m]: Encountered an error:
Runtime Error
  No dbt_project.yml found at expected path D:\zomato pipeline\Zomato-Pipeline\dbt_project.yml
  Verify that each entry within packages.yml (and their transitive dependencies) contains a file named dbt_project.yml
  
[0m20:54:05.675983 [debug] [MainThread]: Command `dbt run` failed at 20:54:05.675885 after 0.18 seconds
[0m20:54:05.676274 [debug] [MainThread]: Sending event: {'category': 'dbt', 'action': 'invocation', 'label': 'end', 'context': [<snowplow_tracker.self_describing_json.SelfDescribingJson object at 0x0000020712780E90>, <snowplow_tracker.self_describing_json.SelfDescribingJson object at 0x00000207128585F0>, <snowplow_tracker.self_describing_json.SelfDescribingJson object at 0x0000020712819480>]}
[0m20:54:05.676565 [debug] [MainThread]: Flushing usage events
[0m20:54:06.957948 [debug] [MainThread]: An error was encountered while trying to flush usage events
